// Jest Snapshot v1, https://goo.gl/fbAQLP

exports[`Layout Renders children correctly 1`] = `
<div>
  <div>
    <div>
      <nav
        className="navbar navbar-expand-md navbar-dark bg-dark"
      >
        <a
          className="navbar-brand"
          href="/"
        >
          FreeGenes
        </a>
        <button
          className="navbar-toggler"
          onClick={[Function]}
          type="button"
        >
          <span
            className="navbar-toggler-icon"
          />
        </button>
        <div
          className="collapse navbar-collapse"
          style={Object {}}
        >
          <ul
            className="ml-auto navbar-nav"
          >
            <li
              className="nav-item"
            >
              <a
                className="nav-link"
                href="/about"
                onClick={[Function]}
              >
                About
              </a>
            </li>
            <li
              className="dropdown nav-item"
              onKeyDown={[Function]}
            >
              <a
                aria-haspopup={true}
                className="dropdown-toggle nav-link"
                href="#"
                onClick={[Function]}
              >
                Resources
              </a>
              <div
                aria-hidden={true}
                className="dropdown-menu dropdown-menu-right"
                role="menu"
                tabIndex="-1"
              >
                <a
                  className="dropdown-item"
                  href="/collections"
                  onClick={[Function]}
                  role="menuitem"
                  tabIndex="0"
                >
                  Biopart Collections
                </a>
                <a
                  className="dropdown-item"
                  href="/parts"
                  onClick={[Function]}
                  role="menuitem"
                  tabIndex="0"
                >
                  Bioparts
                </a>
                <a
                  className="dropdown-item"
                  href="/authors"
                  onClick={[Function]}
                  role="menuitem"
                  tabIndex="0"
                >
                  Biopart Authors
                </a>
                <a
                  className="dropdown-item"
                  href="/plates"
                  onClick={[Function]}
                  role="menuitem"
                  tabIndex="0"
                >
                  Plates
                </a>
                <a
                  className="dropdown-item"
                  href="/wells"
                  onClick={[Function]}
                  role="menuitem"
                  tabIndex="0"
                >
                  Plate Wells
                </a>
              </div>
            </li>
            <li
              className="nav-item"
            >
              <a
                className="nav-link"
                href="/login"
                onClick={[Function]}
              >
                Login
              </a>
            </li>
          </ul>
        </div>
      </nav>
    </div>
  </div>
  <div
    className="child"
  />
  <div
    className="root"
  >
    <div
      className="container"
    >
      <span
        className="text"
      >
        © FreeGenes
      </span>
      <span
        className="spacer"
      >
        ·
      </span>
      <a
        className="link"
        href="/"
        onClick={[Function]}
      >
        Home
      </a>
      <span
        className="spacer"
      >
        ·
      </span>
      <a
        className="link"
        href="/about"
        onClick={[Function]}
      >
        About
      </a>
    </div>
  </div>
</div>
`;
